<ol><li><a href="/post/hello-world">Hello World</a></li><li><a href="/post/hello-world-2">Hello World 2</a></li></ol>